Archive member included to satisfy reference by file (symbol)

C:/Users/User/.eide/tools/gcc_arm/bin/../lib/gcc/arm-none-eabi/14.3.1/../../../../arm-none-eabi/lib/thumb/v6-m/nofp\libc_nano.a(libc_a-exit.o)
                              C:/Users/User/.eide/tools/gcc_arm/bin/../lib/gcc/arm-none-eabi/14.3.1/../../../../arm-none-eabi/lib/thumb/v6-m/nofp/crt0.o (exit)
C:/Users/User/.eide/tools/gcc_arm/bin/../lib/gcc/arm-none-eabi/14.3.1/../../../../arm-none-eabi/lib/thumb/v6-m/nofp\libc_nano.a(libc_a-findfp.o)
                              C:/Users/User/.eide/tools/gcc_arm/bin/../lib/gcc/arm-none-eabi/14.3.1/../../../../arm-none-eabi/lib/thumb/v6-m/nofp\libc_nano.a(libc_a-exit.o) (__stdio_exit_handler)
C:/Users/User/.eide/tools/gcc_arm/bin/../lib/gcc/arm-none-eabi/14.3.1/../../../../arm-none-eabi/lib/thumb/v6-m/nofp\libc_nano.a(libc_a-fwalk.o)
                              C:/Users/User/.eide/tools/gcc_arm/bin/../lib/gcc/arm-none-eabi/14.3.1/../../../../arm-none-eabi/lib/thumb/v6-m/nofp\libc_nano.a(libc_a-findfp.o) (_fwalk_sglue)
C:/Users/User/.eide/tools/gcc_arm/bin/../lib/gcc/arm-none-eabi/14.3.1/../../../../arm-none-eabi/lib/thumb/v6-m/nofp\libc_nano.a(libc_a-stdio.o)
                              C:/Users/User/.eide/tools/gcc_arm/bin/../lib/gcc/arm-none-eabi/14.3.1/../../../../arm-none-eabi/lib/thumb/v6-m/nofp\libc_nano.a(libc_a-findfp.o) (__sread)
C:/Users/User/.eide/tools/gcc_arm/bin/../lib/gcc/arm-none-eabi/14.3.1/../../../../arm-none-eabi/lib/thumb/v6-m/nofp\libc_nano.a(libc_a-memset.o)
                              C:/Users/User/.eide/tools/gcc_arm/bin/../lib/gcc/arm-none-eabi/14.3.1/../../../../arm-none-eabi/lib/thumb/v6-m/nofp/crt0.o (memset)
C:/Users/User/.eide/tools/gcc_arm/bin/../lib/gcc/arm-none-eabi/14.3.1/../../../../arm-none-eabi/lib/thumb/v6-m/nofp\libc_nano.a(libc_a-closer.o)
                              C:/Users/User/.eide/tools/gcc_arm/bin/../lib/gcc/arm-none-eabi/14.3.1/../../../../arm-none-eabi/lib/thumb/v6-m/nofp\libc_nano.a(libc_a-stdio.o) (_close_r)
C:/Users/User/.eide/tools/gcc_arm/bin/../lib/gcc/arm-none-eabi/14.3.1/../../../../arm-none-eabi/lib/thumb/v6-m/nofp\libc_nano.a(libc_a-reent.o)
                              C:/Users/User/.eide/tools/gcc_arm/bin/../lib/gcc/arm-none-eabi/14.3.1/../../../../arm-none-eabi/lib/thumb/v6-m/nofp\libc_nano.a(libc_a-closer.o) (errno)
C:/Users/User/.eide/tools/gcc_arm/bin/../lib/gcc/arm-none-eabi/14.3.1/../../../../arm-none-eabi/lib/thumb/v6-m/nofp\libc_nano.a(libc_a-impure.o)
                              C:/Users/User/.eide/tools/gcc_arm/bin/../lib/gcc/arm-none-eabi/14.3.1/../../../../arm-none-eabi/lib/thumb/v6-m/nofp\libc_nano.a(libc_a-reent.o) (_impure_ptr)
C:/Users/User/.eide/tools/gcc_arm/bin/../lib/gcc/arm-none-eabi/14.3.1/../../../../arm-none-eabi/lib/thumb/v6-m/nofp\libc_nano.a(libc_a-lseekr.o)
                              C:/Users/User/.eide/tools/gcc_arm/bin/../lib/gcc/arm-none-eabi/14.3.1/../../../../arm-none-eabi/lib/thumb/v6-m/nofp\libc_nano.a(libc_a-stdio.o) (_lseek_r)
C:/Users/User/.eide/tools/gcc_arm/bin/../lib/gcc/arm-none-eabi/14.3.1/../../../../arm-none-eabi/lib/thumb/v6-m/nofp\libc_nano.a(libc_a-readr.o)
                              C:/Users/User/.eide/tools/gcc_arm/bin/../lib/gcc/arm-none-eabi/14.3.1/../../../../arm-none-eabi/lib/thumb/v6-m/nofp\libc_nano.a(libc_a-stdio.o) (_read_r)
C:/Users/User/.eide/tools/gcc_arm/bin/../lib/gcc/arm-none-eabi/14.3.1/../../../../arm-none-eabi/lib/thumb/v6-m/nofp\libc_nano.a(libc_a-writer.o)
                              C:/Users/User/.eide/tools/gcc_arm/bin/../lib/gcc/arm-none-eabi/14.3.1/../../../../arm-none-eabi/lib/thumb/v6-m/nofp\libc_nano.a(libc_a-stdio.o) (_write_r)
C:/Users/User/.eide/tools/gcc_arm/bin/../lib/gcc/arm-none-eabi/14.3.1/../../../../arm-none-eabi/lib/thumb/v6-m/nofp\libc_nano.a(libc_a-init.o)
                              C:/Users/User/.eide/tools/gcc_arm/bin/../lib/gcc/arm-none-eabi/14.3.1/../../../../arm-none-eabi/lib/thumb/v6-m/nofp/crt0.o (__libc_init_array)
C:/Users/User/.eide/tools/gcc_arm/bin/../lib/gcc/arm-none-eabi/14.3.1/../../../../arm-none-eabi/lib/thumb/v6-m/nofp\libc_nano.a(libc_a-lock.o)
                              C:/Users/User/.eide/tools/gcc_arm/bin/../lib/gcc/arm-none-eabi/14.3.1/../../../../arm-none-eabi/lib/thumb/v6-m/nofp\libc_nano.a(libc_a-findfp.o) (__retarget_lock_init_recursive)
C:/Users/User/.eide/tools/gcc_arm/bin/../lib/gcc/arm-none-eabi/14.3.1/../../../../arm-none-eabi/lib/thumb/v6-m/nofp\libc_nano.a(libc_a-freer.o)
                              C:/Users/User/.eide/tools/gcc_arm/bin/../lib/gcc/arm-none-eabi/14.3.1/../../../../arm-none-eabi/lib/thumb/v6-m/nofp\libc_nano.a(libc_a-reent.o) (_free_r)
C:/Users/User/.eide/tools/gcc_arm/bin/../lib/gcc/arm-none-eabi/14.3.1/../../../../arm-none-eabi/lib/thumb/v6-m/nofp\libc_nano.a(libc_a-mallocr.o)
                              C:/Users/User/.eide/tools/gcc_arm/bin/../lib/gcc/arm-none-eabi/14.3.1/../../../../arm-none-eabi/lib/thumb/v6-m/nofp\libc_nano.a(libc_a-findfp.o) (_malloc_r)
C:/Users/User/.eide/tools/gcc_arm/bin/../lib/gcc/arm-none-eabi/14.3.1/../../../../arm-none-eabi/lib/thumb/v6-m/nofp\libc_nano.a(libc_a-mlock.o)
                              C:/Users/User/.eide/tools/gcc_arm/bin/../lib/gcc/arm-none-eabi/14.3.1/../../../../arm-none-eabi/lib/thumb/v6-m/nofp\libc_nano.a(libc_a-freer.o) (__malloc_lock)
C:/Users/User/.eide/tools/gcc_arm/bin/../lib/gcc/arm-none-eabi/14.3.1/../../../../arm-none-eabi/lib/thumb/v6-m/nofp\libc_nano.a(libc_a-fflush.o)
                              C:/Users/User/.eide/tools/gcc_arm/bin/../lib/gcc/arm-none-eabi/14.3.1/../../../../arm-none-eabi/lib/thumb/v6-m/nofp\libc_nano.a(libc_a-findfp.o) (_fflush_r)
C:/Users/User/.eide/tools/gcc_arm/bin/../lib/gcc/arm-none-eabi/14.3.1/../../../../arm-none-eabi/lib/thumb/v6-m/nofp\libc_nano.a(libc_a-sbrkr.o)
                              C:/Users/User/.eide/tools/gcc_arm/bin/../lib/gcc/arm-none-eabi/14.3.1/../../../../arm-none-eabi/lib/thumb/v6-m/nofp\libc_nano.a(libc_a-mallocr.o) (_sbrk_r)

Discarded input sections

 .text          0x00000000        0x0 C:/Users/User/.eide/tools/gcc_arm/bin/../lib/gcc/arm-none-eabi/14.3.1/thumb/v6-m/nofp/crti.o
 .data          0x00000000        0x0 C:/Users/User/.eide/tools/gcc_arm/bin/../lib/gcc/arm-none-eabi/14.3.1/thumb/v6-m/nofp/crti.o
 .bss           0x00000000        0x0 C:/Users/User/.eide/tools/gcc_arm/bin/../lib/gcc/arm-none-eabi/14.3.1/thumb/v6-m/nofp/crti.o
 .text          0x00000000        0x0 C:/Users/User/.eide/tools/gcc_arm/bin/../lib/gcc/arm-none-eabi/14.3.1/thumb/v6-m/nofp/crtbegin.o
 .data          0x00000000        0x0 C:/Users/User/.eide/tools/gcc_arm/bin/../lib/gcc/arm-none-eabi/14.3.1/thumb/v6-m/nofp/crtbegin.o
 .bss           0x00000000        0x0 C:/Users/User/.eide/tools/gcc_arm/bin/../lib/gcc/arm-none-eabi/14.3.1/thumb/v6-m/nofp/crtbegin.o
 .rodata.all_implied_fbits
                0x00000000       0x24 C:/Users/User/.eide/tools/gcc_arm/bin/../lib/gcc/arm-none-eabi/14.3.1/thumb/v6-m/nofp/crtbegin.o
 .data.__dso_handle
                0x00000000        0x4 C:/Users/User/.eide/tools/gcc_arm/bin/../lib/gcc/arm-none-eabi/14.3.1/thumb/v6-m/nofp/crtbegin.o
 .text          0x00000000       0x80 C:/Users/User/.eide/tools/gcc_arm/bin/../lib/gcc/arm-none-eabi/14.3.1/../../../../arm-none-eabi/lib/thumb/v6-m/nofp/crt0.o
 .data          0x00000000        0x0 C:/Users/User/.eide/tools/gcc_arm/bin/../lib/gcc/arm-none-eabi/14.3.1/../../../../arm-none-eabi/lib/thumb/v6-m/nofp/crt0.o
 .bss           0x00000000        0x0 C:/Users/User/.eide/tools/gcc_arm/bin/../lib/gcc/arm-none-eabi/14.3.1/../../../../arm-none-eabi/lib/thumb/v6-m/nofp/crt0.o
 .ARM.extab     0x00000000        0x0 C:/Users/User/.eide/tools/gcc_arm/bin/../lib/gcc/arm-none-eabi/14.3.1/../../../../arm-none-eabi/lib/thumb/v6-m/nofp/crt0.o
 .ARM.exidx     0x00000000       0x10 C:/Users/User/.eide/tools/gcc_arm/bin/../lib/gcc/arm-none-eabi/14.3.1/../../../../arm-none-eabi/lib/thumb/v6-m/nofp/crt0.o
 .debug_line_str
                0x00000000       0xd6 C:/Users/User/.eide/tools/gcc_arm/bin/../lib/gcc/arm-none-eabi/14.3.1/../../../../arm-none-eabi/lib/thumb/v6-m/nofp/crt0.o
 .ARM.attributes
                0x00000000       0x1b C:/Users/User/.eide/tools/gcc_arm/bin/../lib/gcc/arm-none-eabi/14.3.1/../../../../arm-none-eabi/lib/thumb/v6-m/nofp/crt0.o
 .text          0x00000000        0x0 ./Project/.obj/__/__/__/Drivers/Device/Source/system_hc32l110.o
 .data          0x00000000        0x0 ./Project/.obj/__/__/__/Drivers/Device/Source/system_hc32l110.o
 .bss           0x00000000        0x0 ./Project/.obj/__/__/__/Drivers/Device/Source/system_hc32l110.o
 .text          0x00000000        0x0 ./Project/.obj/__/__/__/Drivers/Device/Startup/startup_hc32l110.o
 .data          0x00000000        0x0 ./Project/.obj/__/__/__/Drivers/Device/Startup/startup_hc32l110.o
 .bss           0x00000000        0x0 ./Project/.obj/__/__/__/Drivers/Device/Startup/startup_hc32l110.o
 .text          0x00000000        0x0 ./Project/.obj/__/Src/main.o
 .data          0x00000000        0x0 ./Project/.obj/__/Src/main.o
 .bss           0x00000000        0x0 ./Project/.obj/__/Src/main.o
 .text          0x00000000        0x0 C:/Users/User/.eide/tools/gcc_arm/bin/../lib/gcc/arm-none-eabi/14.3.1/../../../../arm-none-eabi/lib/thumb/v6-m/nofp\libc_nano.a(libc_a-exit.o)
 .data          0x00000000        0x0 C:/Users/User/.eide/tools/gcc_arm/bin/../lib/gcc/arm-none-eabi/14.3.1/../../../../arm-none-eabi/lib/thumb/v6-m/nofp\libc_nano.a(libc_a-exit.o)
 .bss           0x00000000        0x0 C:/Users/User/.eide/tools/gcc_arm/bin/../lib/gcc/arm-none-eabi/14.3.1/../../../../arm-none-eabi/lib/thumb/v6-m/nofp\libc_nano.a(libc_a-exit.o)
 .text.exit     0x00000000       0x28 C:/Users/User/.eide/tools/gcc_arm/bin/../lib/gcc/arm-none-eabi/14.3.1/../../../../arm-none-eabi/lib/thumb/v6-m/nofp\libc_nano.a(libc_a-exit.o)
 .debug_frame   0x00000000       0x28 C:/Users/User/.eide/tools/gcc_arm/bin/../lib/gcc/arm-none-eabi/14.3.1/../../../../arm-none-eabi/lib/thumb/v6-m/nofp\libc_nano.a(libc_a-exit.o)
 .ARM.attributes
                0x00000000       0x2c C:/Users/User/.eide/tools/gcc_arm/bin/../lib/gcc/arm-none-eabi/14.3.1/../../../../arm-none-eabi/lib/thumb/v6-m/nofp\libc_nano.a(libc_a-exit.o)
 .text          0x00000000        0x0 C:/Users/User/.eide/tools/gcc_arm/bin/../lib/gcc/arm-none-eabi/14.3.1/../../../../arm-none-eabi/lib/thumb/v6-m/nofp\libc_nano.a(libc_a-findfp.o)
 .data          0x00000000        0x0 C:/Users/User/.eide/tools/gcc_arm/bin/../lib/gcc/arm-none-eabi/14.3.1/../../../../arm-none-eabi/lib/thumb/v6-m/nofp\libc_nano.a(libc_a-findfp.o)
 .bss           0x00000000        0x0 C:/Users/User/.eide/tools/gcc_arm/bin/../lib/gcc/arm-none-eabi/14.3.1/../../../../arm-none-eabi/lib/thumb/v6-m/nofp\libc_nano.a(libc_a-findfp.o)
 .text.std      0x00000000       0x6c C:/Users/User/.eide/tools/gcc_arm/bin/../lib/gcc/arm-none-eabi/14.3.1/../../../../arm-none-eabi/lib/thumb/v6-m/nofp\libc_nano.a(libc_a-findfp.o)
 .text.stdio_exit_handler
                0x00000000       0x1c C:/Users/User/.eide/tools/gcc_arm/bin/../lib/gcc/arm-none-eabi/14.3.1/../../../../arm-none-eabi/lib/thumb/v6-m/nofp\libc_nano.a(libc_a-findfp.o)
 .text.cleanup_stdio
                0x00000000       0x3c C:/Users/User/.eide/tools/gcc_arm/bin/../lib/gcc/arm-none-eabi/14.3.1/../../../../arm-none-eabi/lib/thumb/v6-m/nofp\libc_nano.a(libc_a-findfp.o)
 .text.__fp_lock
                0x00000000       0x18 C:/Users/User/.eide/tools/gcc_arm/bin/../lib/gcc/arm-none-eabi/14.3.1/../../../../arm-none-eabi/lib/thumb/v6-m/nofp\libc_nano.a(libc_a-findfp.o)
 .text.__fp_unlock
                0x00000000       0x18 C:/Users/User/.eide/tools/gcc_arm/bin/../lib/gcc/arm-none-eabi/14.3.1/../../../../arm-none-eabi/lib/thumb/v6-m/nofp\libc_nano.a(libc_a-findfp.o)
 .text.global_stdio_init.part.0
                0x00000000       0x3c C:/Users/User/.eide/tools/gcc_arm/bin/../lib/gcc/arm-none-eabi/14.3.1/../../../../arm-none-eabi/lib/thumb/v6-m/nofp\libc_nano.a(libc_a-findfp.o)
 .text.__sfp_lock_acquire
                0x00000000       0x10 C:/Users/User/.eide/tools/gcc_arm/bin/../lib/gcc/arm-none-eabi/14.3.1/../../../../arm-none-eabi/lib/thumb/v6-m/nofp\libc_nano.a(libc_a-findfp.o)
 .text.__sfp_lock_release
                0x00000000       0x10 C:/Users/User/.eide/tools/gcc_arm/bin/../lib/gcc/arm-none-eabi/14.3.1/../../../../arm-none-eabi/lib/thumb/v6-m/nofp\libc_nano.a(libc_a-findfp.o)
 .text.__sfp    0x00000000       0xa8 C:/Users/User/.eide/tools/gcc_arm/bin/../lib/gcc/arm-none-eabi/14.3.1/../../../../arm-none-eabi/lib/thumb/v6-m/nofp\libc_nano.a(libc_a-findfp.o)
 .text.__sinit  0x00000000       0x30 C:/Users/User/.eide/tools/gcc_arm/bin/../lib/gcc/arm-none-eabi/14.3.1/../../../../arm-none-eabi/lib/thumb/v6-m/nofp\libc_nano.a(libc_a-findfp.o)
 .text.__fp_lock_all
                0x00000000       0x1c C:/Users/User/.eide/tools/gcc_arm/bin/../lib/gcc/arm-none-eabi/14.3.1/../../../../arm-none-eabi/lib/thumb/v6-m/nofp\libc_nano.a(libc_a-findfp.o)
 .text.__fp_unlock_all
                0x00000000       0x1c C:/Users/User/.eide/tools/gcc_arm/bin/../lib/gcc/arm-none-eabi/14.3.1/../../../../arm-none-eabi/lib/thumb/v6-m/nofp\libc_nano.a(libc_a-findfp.o)
 .data.__sglue  0x00000000        0xc C:/Users/User/.eide/tools/gcc_arm/bin/../lib/gcc/arm-none-eabi/14.3.1/../../../../arm-none-eabi/lib/thumb/v6-m/nofp\libc_nano.a(libc_a-findfp.o)
 .bss.__sf      0x00000000      0x138 C:/Users/User/.eide/tools/gcc_arm/bin/../lib/gcc/arm-none-eabi/14.3.1/../../../../arm-none-eabi/lib/thumb/v6-m/nofp\libc_nano.a(libc_a-findfp.o)
 .bss.__stdio_exit_handler
                0x00000000        0x4 C:/Users/User/.eide/tools/gcc_arm/bin/../lib/gcc/arm-none-eabi/14.3.1/../../../../arm-none-eabi/lib/thumb/v6-m/nofp\libc_nano.a(libc_a-findfp.o)
 .debug_frame   0x00000000      0x138 C:/Users/User/.eide/tools/gcc_arm/bin/../lib/gcc/arm-none-eabi/14.3.1/../../../../arm-none-eabi/lib/thumb/v6-m/nofp\libc_nano.a(libc_a-findfp.o)
 .ARM.attributes
                0x00000000       0x2c C:/Users/User/.eide/tools/gcc_arm/bin/../lib/gcc/arm-none-eabi/14.3.1/../../../../arm-none-eabi/lib/thumb/v6-m/nofp\libc_nano.a(libc_a-findfp.o)
 .text          0x00000000        0x0 C:/Users/User/.eide/tools/gcc_arm/bin/../lib/gcc/arm-none-eabi/14.3.1/../../../../arm-none-eabi/lib/thumb/v6-m/nofp\libc_nano.a(libc_a-fwalk.o)
 .data          0x00000000        0x0 C:/Users/User/.eide/tools/gcc_arm/bin/../lib/gcc/arm-none-eabi/14.3.1/../../../../arm-none-eabi/lib/thumb/v6-m/nofp\libc_nano.a(libc_a-fwalk.o)
 .bss           0x00000000        0x0 C:/Users/User/.eide/tools/gcc_arm/bin/../lib/gcc/arm-none-eabi/14.3.1/../../../../arm-none-eabi/lib/thumb/v6-m/nofp\libc_nano.a(libc_a-fwalk.o)
 .text._fwalk_sglue
                0x00000000       0x38 C:/Users/User/.eide/tools/gcc_arm/bin/../lib/gcc/arm-none-eabi/14.3.1/../../../../arm-none-eabi/lib/thumb/v6-m/nofp\libc_nano.a(libc_a-fwalk.o)
 .debug_frame   0x00000000       0x34 C:/Users/User/.eide/tools/gcc_arm/bin/../lib/gcc/arm-none-eabi/14.3.1/../../../../arm-none-eabi/lib/thumb/v6-m/nofp\libc_nano.a(libc_a-fwalk.o)
 .ARM.attributes
                0x00000000       0x2c C:/Users/User/.eide/tools/gcc_arm/bin/../lib/gcc/arm-none-eabi/14.3.1/../../../../arm-none-eabi/lib/thumb/v6-m/nofp\libc_nano.a(libc_a-fwalk.o)
 .text          0x00000000        0x0 C:/Users/User/.eide/tools/gcc_arm/bin/../lib/gcc/arm-none-eabi/14.3.1/../../../../arm-none-eabi/lib/thumb/v6-m/nofp\libc_nano.a(libc_a-stdio.o)
 .data          0x00000000        0x0 C:/Users/User/.eide/tools/gcc_arm/bin/../lib/gcc/arm-none-eabi/14.3.1/../../../../arm-none-eabi/lib/thumb/v6-m/nofp\libc_nano.a(libc_a-stdio.o)
 .bss           0x00000000        0x0 C:/Users/User/.eide/tools/gcc_arm/bin/../lib/gcc/arm-none-eabi/14.3.1/../../../../arm-none-eabi/lib/thumb/v6-m/nofp\libc_nano.a(libc_a-stdio.o)
 .text.__sread  0x00000000       0x28 C:/Users/User/.eide/tools/gcc_arm/bin/../lib/gcc/arm-none-eabi/14.3.1/../../../../arm-none-eabi/lib/thumb/v6-m/nofp\libc_nano.a(libc_a-stdio.o)
 .text.__seofread
                0x00000000        0x4 C:/Users/User/.eide/tools/gcc_arm/bin/../lib/gcc/arm-none-eabi/14.3.1/../../../../arm-none-eabi/lib/thumb/v6-m/nofp\libc_nano.a(libc_a-stdio.o)
 .text.__swrite
                0x00000000       0x38 C:/Users/User/.eide/tools/gcc_arm/bin/../lib/gcc/arm-none-eabi/14.3.1/../../../../arm-none-eabi/lib/thumb/v6-m/nofp\libc_nano.a(libc_a-stdio.o)
 .text.__sseek  0x00000000       0x2c C:/Users/User/.eide/tools/gcc_arm/bin/../lib/gcc/arm-none-eabi/14.3.1/../../../../arm-none-eabi/lib/thumb/v6-m/nofp\libc_nano.a(libc_a-stdio.o)
 .text.__sclose
                0x00000000        0xc C:/Users/User/.eide/tools/gcc_arm/bin/../lib/gcc/arm-none-eabi/14.3.1/../../../../arm-none-eabi/lib/thumb/v6-m/nofp\libc_nano.a(libc_a-stdio.o)
 .debug_frame   0x00000000       0x90 C:/Users/User/.eide/tools/gcc_arm/bin/../lib/gcc/arm-none-eabi/14.3.1/../../../../arm-none-eabi/lib/thumb/v6-m/nofp\libc_nano.a(libc_a-stdio.o)
 .ARM.attributes
                0x00000000       0x2c C:/Users/User/.eide/tools/gcc_arm/bin/../lib/gcc/arm-none-eabi/14.3.1/../../../../arm-none-eabi/lib/thumb/v6-m/nofp\libc_nano.a(libc_a-stdio.o)
 .text          0x00000000        0x0 C:/Users/User/.eide/tools/gcc_arm/bin/../lib/gcc/arm-none-eabi/14.3.1/../../../../arm-none-eabi/lib/thumb/v6-m/nofp\libc_nano.a(libc_a-memset.o)
 .data          0x00000000        0x0 C:/Users/User/.eide/tools/gcc_arm/bin/../lib/gcc/arm-none-eabi/14.3.1/../../../../arm-none-eabi/lib/thumb/v6-m/nofp\libc_nano.a(libc_a-memset.o)
 .bss           0x00000000        0x0 C:/Users/User/.eide/tools/gcc_arm/bin/../lib/gcc/arm-none-eabi/14.3.1/../../../../arm-none-eabi/lib/thumb/v6-m/nofp\libc_nano.a(libc_a-memset.o)
 .text.memset   0x00000000       0x10 C:/Users/User/.eide/tools/gcc_arm/bin/../lib/gcc/arm-none-eabi/14.3.1/../../../../arm-none-eabi/lib/thumb/v6-m/nofp\libc_nano.a(libc_a-memset.o)
 .debug_frame   0x00000000       0x20 C:/Users/User/.eide/tools/gcc_arm/bin/../lib/gcc/arm-none-eabi/14.3.1/../../../../arm-none-eabi/lib/thumb/v6-m/nofp\libc_nano.a(libc_a-memset.o)
 .ARM.attributes
                0x00000000       0x2c C:/Users/User/.eide/tools/gcc_arm/bin/../lib/gcc/arm-none-eabi/14.3.1/../../../../arm-none-eabi/lib/thumb/v6-m/nofp\libc_nano.a(libc_a-memset.o)
 .text          0x00000000        0x0 C:/Users/User/.eide/tools/gcc_arm/bin/../lib/gcc/arm-none-eabi/14.3.1/../../../../arm-none-eabi/lib/thumb/v6-m/nofp\libc_nano.a(libc_a-closer.o)
 .data          0x00000000        0x0 C:/Users/User/.eide/tools/gcc_arm/bin/../lib/gcc/arm-none-eabi/14.3.1/../../../../arm-none-eabi/lib/thumb/v6-m/nofp\libc_nano.a(libc_a-closer.o)
 .bss           0x00000000        0x0 C:/Users/User/.eide/tools/gcc_arm/bin/../lib/gcc/arm-none-eabi/14.3.1/../../../../arm-none-eabi/lib/thumb/v6-m/nofp\libc_nano.a(libc_a-closer.o)
 .text._close_r
                0x00000000       0x24 C:/Users/User/.eide/tools/gcc_arm/bin/../lib/gcc/arm-none-eabi/14.3.1/../../../../arm-none-eabi/lib/thumb/v6-m/nofp\libc_nano.a(libc_a-closer.o)
 .debug_frame   0x00000000       0x2c C:/Users/User/.eide/tools/gcc_arm/bin/../lib/gcc/arm-none-eabi/14.3.1/../../../../arm-none-eabi/lib/thumb/v6-m/nofp\libc_nano.a(libc_a-closer.o)
 .ARM.attributes
                0x00000000       0x2c C:/Users/User/.eide/tools/gcc_arm/bin/../lib/gcc/arm-none-eabi/14.3.1/../../../../arm-none-eabi/lib/thumb/v6-m/nofp\libc_nano.a(libc_a-closer.o)
 .text          0x00000000        0x0 C:/Users/User/.eide/tools/gcc_arm/bin/../lib/gcc/arm-none-eabi/14.3.1/../../../../arm-none-eabi/lib/thumb/v6-m/nofp\libc_nano.a(libc_a-reent.o)
 .data          0x00000000        0x0 C:/Users/User/.eide/tools/gcc_arm/bin/../lib/gcc/arm-none-eabi/14.3.1/../../../../arm-none-eabi/lib/thumb/v6-m/nofp\libc_nano.a(libc_a-reent.o)
 .bss           0x00000000        0x0 C:/Users/User/.eide/tools/gcc_arm/bin/../lib/gcc/arm-none-eabi/14.3.1/../../../../arm-none-eabi/lib/thumb/v6-m/nofp\libc_nano.a(libc_a-reent.o)
 .text._reclaim_reent
                0x00000000       0xd4 C:/Users/User/.eide/tools/gcc_arm/bin/../lib/gcc/arm-none-eabi/14.3.1/../../../../arm-none-eabi/lib/thumb/v6-m/nofp\libc_nano.a(libc_a-reent.o)
 .bss.errno     0x00000000        0x4 C:/Users/User/.eide/tools/gcc_arm/bin/../lib/gcc/arm-none-eabi/14.3.1/../../../../arm-none-eabi/lib/thumb/v6-m/nofp\libc_nano.a(libc_a-reent.o)
 .debug_frame   0x00000000       0x2c C:/Users/User/.eide/tools/gcc_arm/bin/../lib/gcc/arm-none-eabi/14.3.1/../../../../arm-none-eabi/lib/thumb/v6-m/nofp\libc_nano.a(libc_a-reent.o)
 .ARM.attributes
                0x00000000       0x2c C:/Users/User/.eide/tools/gcc_arm/bin/../lib/gcc/arm-none-eabi/14.3.1/../../../../arm-none-eabi/lib/thumb/v6-m/nofp\libc_nano.a(libc_a-reent.o)
 .text          0x00000000        0x0 C:/Users/User/.eide/tools/gcc_arm/bin/../lib/gcc/arm-none-eabi/14.3.1/../../../../arm-none-eabi/lib/thumb/v6-m/nofp\libc_nano.a(libc_a-impure.o)
 .data          0x00000000        0x0 C:/Users/User/.eide/tools/gcc_arm/bin/../lib/gcc/arm-none-eabi/14.3.1/../../../../arm-none-eabi/lib/thumb/v6-m/nofp\libc_nano.a(libc_a-impure.o)
 .bss           0x00000000        0x0 C:/Users/User/.eide/tools/gcc_arm/bin/../lib/gcc/arm-none-eabi/14.3.1/../../../../arm-none-eabi/lib/thumb/v6-m/nofp\libc_nano.a(libc_a-impure.o)
 .data._impure_ptr
                0x00000000        0x4 C:/Users/User/.eide/tools/gcc_arm/bin/../lib/gcc/arm-none-eabi/14.3.1/../../../../arm-none-eabi/lib/thumb/v6-m/nofp\libc_nano.a(libc_a-impure.o)
 .data._impure_data
                0x00000000       0x4c C:/Users/User/.eide/tools/gcc_arm/bin/../lib/gcc/arm-none-eabi/14.3.1/../../../../arm-none-eabi/lib/thumb/v6-m/nofp\libc_nano.a(libc_a-impure.o)
 .ARM.attributes
                0x00000000       0x2c C:/Users/User/.eide/tools/gcc_arm/bin/../lib/gcc/arm-none-eabi/14.3.1/../../../../arm-none-eabi/lib/thumb/v6-m/nofp\libc_nano.a(libc_a-impure.o)
 .text          0x00000000        0x0 C:/Users/User/.eide/tools/gcc_arm/bin/../lib/gcc/arm-none-eabi/14.3.1/../../../../arm-none-eabi/lib/thumb/v6-m/nofp\libc_nano.a(libc_a-lseekr.o)
 .data          0x00000000        0x0 C:/Users/User/.eide/tools/gcc_arm/bin/../lib/gcc/arm-none-eabi/14.3.1/../../../../arm-none-eabi/lib/thumb/v6-m/nofp\libc_nano.a(libc_a-lseekr.o)
 .bss           0x00000000        0x0 C:/Users/User/.eide/tools/gcc_arm/bin/../lib/gcc/arm-none-eabi/14.3.1/../../../../arm-none-eabi/lib/thumb/v6-m/nofp\libc_nano.a(libc_a-lseekr.o)
 .text._lseek_r
                0x00000000       0x28 C:/Users/User/.eide/tools/gcc_arm/bin/../lib/gcc/arm-none-eabi/14.3.1/../../../../arm-none-eabi/lib/thumb/v6-m/nofp\libc_nano.a(libc_a-lseekr.o)
 .debug_frame   0x00000000       0x2c C:/Users/User/.eide/tools/gcc_arm/bin/../lib/gcc/arm-none-eabi/14.3.1/../../../../arm-none-eabi/lib/thumb/v6-m/nofp\libc_nano.a(libc_a-lseekr.o)
 .ARM.attributes
                0x00000000       0x2c C:/Users/User/.eide/tools/gcc_arm/bin/../lib/gcc/arm-none-eabi/14.3.1/../../../../arm-none-eabi/lib/thumb/v6-m/nofp\libc_nano.a(libc_a-lseekr.o)
 .text          0x00000000        0x0 C:/Users/User/.eide/tools/gcc_arm/bin/../lib/gcc/arm-none-eabi/14.3.1/../../../../arm-none-eabi/lib/thumb/v6-m/nofp\libc_nano.a(libc_a-readr.o)
 .data          0x00000000        0x0 C:/Users/User/.eide/tools/gcc_arm/bin/../lib/gcc/arm-none-eabi/14.3.1/../../../../arm-none-eabi/lib/thumb/v6-m/nofp\libc_nano.a(libc_a-readr.o)
 .bss           0x00000000        0x0 C:/Users/User/.eide/tools/gcc_arm/bin/../lib/gcc/arm-none-eabi/14.3.1/../../../../arm-none-eabi/lib/thumb/v6-m/nofp\libc_nano.a(libc_a-readr.o)
 .text._read_r  0x00000000       0x28 C:/Users/User/.eide/tools/gcc_arm/bin/../lib/gcc/arm-none-eabi/14.3.1/../../../../arm-none-eabi/lib/thumb/v6-m/nofp\libc_nano.a(libc_a-readr.o)
 .debug_frame   0x00000000       0x2c C:/Users/User/.eide/tools/gcc_arm/bin/../lib/gcc/arm-none-eabi/14.3.1/../../../../arm-none-eabi/lib/thumb/v6-m/nofp\libc_nano.a(libc_a-readr.o)
 .ARM.attributes
                0x00000000       0x2c C:/Users/User/.eide/tools/gcc_arm/bin/../lib/gcc/arm-none-eabi/14.3.1/../../../../arm-none-eabi/lib/thumb/v6-m/nofp\libc_nano.a(libc_a-readr.o)
 .text          0x00000000        0x0 C:/Users/User/.eide/tools/gcc_arm/bin/../lib/gcc/arm-none-eabi/14.3.1/../../../../arm-none-eabi/lib/thumb/v6-m/nofp\libc_nano.a(libc_a-writer.o)
 .data          0x00000000        0x0 C:/Users/User/.eide/tools/gcc_arm/bin/../lib/gcc/arm-none-eabi/14.3.1/../../../../arm-none-eabi/lib/thumb/v6-m/nofp\libc_nano.a(libc_a-writer.o)
 .bss           0x00000000        0x0 C:/Users/User/.eide/tools/gcc_arm/bin/../lib/gcc/arm-none-eabi/14.3.1/../../../../arm-none-eabi/lib/thumb/v6-m/nofp\libc_nano.a(libc_a-writer.o)
 .text._write_r
                0x00000000       0x28 C:/Users/User/.eide/tools/gcc_arm/bin/../lib/gcc/arm-none-eabi/14.3.1/../../../../arm-none-eabi/lib/thumb/v6-m/nofp\libc_nano.a(libc_a-writer.o)
 .debug_frame   0x00000000       0x2c C:/Users/User/.eide/tools/gcc_arm/bin/../lib/gcc/arm-none-eabi/14.3.1/../../../../arm-none-eabi/lib/thumb/v6-m/nofp\libc_nano.a(libc_a-writer.o)
 .ARM.attributes
                0x00000000       0x2c C:/Users/User/.eide/tools/gcc_arm/bin/../lib/gcc/arm-none-eabi/14.3.1/../../../../arm-none-eabi/lib/thumb/v6-m/nofp\libc_nano.a(libc_a-writer.o)
 .text          0x00000000        0x0 C:/Users/User/.eide/tools/gcc_arm/bin/../lib/gcc/arm-none-eabi/14.3.1/../../../../arm-none-eabi/lib/thumb/v6-m/nofp\libc_nano.a(libc_a-init.o)
 .data          0x00000000        0x0 C:/Users/User/.eide/tools/gcc_arm/bin/../lib/gcc/arm-none-eabi/14.3.1/../../../../arm-none-eabi/lib/thumb/v6-m/nofp\libc_nano.a(libc_a-init.o)
 .bss           0x00000000        0x0 C:/Users/User/.eide/tools/gcc_arm/bin/../lib/gcc/arm-none-eabi/14.3.1/../../../../arm-none-eabi/lib/thumb/v6-m/nofp\libc_nano.a(libc_a-init.o)
 .text.__libc_init_array
                0x00000000       0x48 C:/Users/User/.eide/tools/gcc_arm/bin/../lib/gcc/arm-none-eabi/14.3.1/../../../../arm-none-eabi/lib/thumb/v6-m/nofp\libc_nano.a(libc_a-init.o)
 .debug_frame   0x00000000       0x2c C:/Users/User/.eide/tools/gcc_arm/bin/../lib/gcc/arm-none-eabi/14.3.1/../../../../arm-none-eabi/lib/thumb/v6-m/nofp\libc_nano.a(libc_a-init.o)
 .ARM.attributes
                0x00000000       0x2c C:/Users/User/.eide/tools/gcc_arm/bin/../lib/gcc/arm-none-eabi/14.3.1/../../../../arm-none-eabi/lib/thumb/v6-m/nofp\libc_nano.a(libc_a-init.o)
 .text          0x00000000        0x0 C:/Users/User/.eide/tools/gcc_arm/bin/../lib/gcc/arm-none-eabi/14.3.1/../../../../arm-none-eabi/lib/thumb/v6-m/nofp\libc_nano.a(libc_a-lock.o)
 .data          0x00000000        0x0 C:/Users/User/.eide/tools/gcc_arm/bin/../lib/gcc/arm-none-eabi/14.3.1/../../../../arm-none-eabi/lib/thumb/v6-m/nofp\libc_nano.a(libc_a-lock.o)
 .bss           0x00000000        0x0 C:/Users/User/.eide/tools/gcc_arm/bin/../lib/gcc/arm-none-eabi/14.3.1/../../../../arm-none-eabi/lib/thumb/v6-m/nofp\libc_nano.a(libc_a-lock.o)
 .text.__retarget_lock_init
                0x00000000        0x2 C:/Users/User/.eide/tools/gcc_arm/bin/../lib/gcc/arm-none-eabi/14.3.1/../../../../arm-none-eabi/lib/thumb/v6-m/nofp\libc_nano.a(libc_a-lock.o)
 .text.__retarget_lock_init_recursive
                0x00000000        0x2 C:/Users/User/.eide/tools/gcc_arm/bin/../lib/gcc/arm-none-eabi/14.3.1/../../../../arm-none-eabi/lib/thumb/v6-m/nofp\libc_nano.a(libc_a-lock.o)
 .text.__retarget_lock_close
                0x00000000        0x2 C:/Users/User/.eide/tools/gcc_arm/bin/../lib/gcc/arm-none-eabi/14.3.1/../../../../arm-none-eabi/lib/thumb/v6-m/nofp\libc_nano.a(libc_a-lock.o)
 .text.__retarget_lock_close_recursive
                0x00000000        0x2 C:/Users/User/.eide/tools/gcc_arm/bin/../lib/gcc/arm-none-eabi/14.3.1/../../../../arm-none-eabi/lib/thumb/v6-m/nofp\libc_nano.a(libc_a-lock.o)
 .text.__retarget_lock_acquire
                0x00000000        0x2 C:/Users/User/.eide/tools/gcc_arm/bin/../lib/gcc/arm-none-eabi/14.3.1/../../../../arm-none-eabi/lib/thumb/v6-m/nofp\libc_nano.a(libc_a-lock.o)
 .text.__retarget_lock_acquire_recursive
                0x00000000        0x2 C:/Users/User/.eide/tools/gcc_arm/bin/../lib/gcc/arm-none-eabi/14.3.1/../../../../arm-none-eabi/lib/thumb/v6-m/nofp\libc_nano.a(libc_a-lock.o)
 .text.__retarget_lock_try_acquire
                0x00000000        0x4 C:/Users/User/.eide/tools/gcc_arm/bin/../lib/gcc/arm-none-eabi/14.3.1/../../../../arm-none-eabi/lib/thumb/v6-m/nofp\libc_nano.a(libc_a-lock.o)
 .text.__retarget_lock_try_acquire_recursive
                0x00000000        0x4 C:/Users/User/.eide/tools/gcc_arm/bin/../lib/gcc/arm-none-eabi/14.3.1/../../../../arm-none-eabi/lib/thumb/v6-m/nofp\libc_nano.a(libc_a-lock.o)
 .text.__retarget_lock_release
                0x00000000        0x2 C:/Users/User/.eide/tools/gcc_arm/bin/../lib/gcc/arm-none-eabi/14.3.1/../../../../arm-none-eabi/lib/thumb/v6-m/nofp\libc_nano.a(libc_a-lock.o)
 .text.__retarget_lock_release_recursive
                0x00000000        0x2 C:/Users/User/.eide/tools/gcc_arm/bin/../lib/gcc/arm-none-eabi/14.3.1/../../../../arm-none-eabi/lib/thumb/v6-m/nofp\libc_nano.a(libc_a-lock.o)
 .bss.__lock___arc4random_mutex
                0x00000000        0x1 C:/Users/User/.eide/tools/gcc_arm/bin/../lib/gcc/arm-none-eabi/14.3.1/../../../../arm-none-eabi/lib/thumb/v6-m/nofp\libc_nano.a(libc_a-lock.o)
 .bss.__lock___dd_hash_mutex
                0x00000000        0x1 C:/Users/User/.eide/tools/gcc_arm/bin/../lib/gcc/arm-none-eabi/14.3.1/../../../../arm-none-eabi/lib/thumb/v6-m/nofp\libc_nano.a(libc_a-lock.o)
 .bss.__lock___tz_mutex
                0x00000000        0x1 C:/Users/User/.eide/tools/gcc_arm/bin/../lib/gcc/arm-none-eabi/14.3.1/../../../../arm-none-eabi/lib/thumb/v6-m/nofp\libc_nano.a(libc_a-lock.o)
 .bss.__lock___env_recursive_mutex
                0x00000000        0x1 C:/Users/User/.eide/tools/gcc_arm/bin/../lib/gcc/arm-none-eabi/14.3.1/../../../../arm-none-eabi/lib/thumb/v6-m/nofp\libc_nano.a(libc_a-lock.o)
 .bss.__lock___malloc_recursive_mutex
                0x00000000        0x1 C:/Users/User/.eide/tools/gcc_arm/bin/../lib/gcc/arm-none-eabi/14.3.1/../../../../arm-none-eabi/lib/thumb/v6-m/nofp\libc_nano.a(libc_a-lock.o)
 .bss.__lock___at_quick_exit_mutex
                0x00000000        0x1 C:/Users/User/.eide/tools/gcc_arm/bin/../lib/gcc/arm-none-eabi/14.3.1/../../../../arm-none-eabi/lib/thumb/v6-m/nofp\libc_nano.a(libc_a-lock.o)
 .bss.__lock___atexit_recursive_mutex
                0x00000000        0x1 C:/Users/User/.eide/tools/gcc_arm/bin/../lib/gcc/arm-none-eabi/14.3.1/../../../../arm-none-eabi/lib/thumb/v6-m/nofp\libc_nano.a(libc_a-lock.o)
 .bss.__lock___sfp_recursive_mutex
                0x00000000        0x1 C:/Users/User/.eide/tools/gcc_arm/bin/../lib/gcc/arm-none-eabi/14.3.1/../../../../arm-none-eabi/lib/thumb/v6-m/nofp\libc_nano.a(libc_a-lock.o)
 .debug_frame   0x00000000       0xb0 C:/Users/User/.eide/tools/gcc_arm/bin/../lib/gcc/arm-none-eabi/14.3.1/../../../../arm-none-eabi/lib/thumb/v6-m/nofp\libc_nano.a(libc_a-lock.o)
 .ARM.attributes
                0x00000000       0x2c C:/Users/User/.eide/tools/gcc_arm/bin/../lib/gcc/arm-none-eabi/14.3.1/../../../../arm-none-eabi/lib/thumb/v6-m/nofp\libc_nano.a(libc_a-lock.o)
 .text          0x00000000        0x0 C:/Users/User/.eide/tools/gcc_arm/bin/../lib/gcc/arm-none-eabi/14.3.1/../../../../arm-none-eabi/lib/thumb/v6-m/nofp\libc_nano.a(libc_a-freer.o)
 .data          0x00000000        0x0 C:/Users/User/.eide/tools/gcc_arm/bin/../lib/gcc/arm-none-eabi/14.3.1/../../../../arm-none-eabi/lib/thumb/v6-m/nofp\libc_nano.a(libc_a-freer.o)
 .bss           0x00000000        0x0 C:/Users/User/.eide/tools/gcc_arm/bin/../lib/gcc/arm-none-eabi/14.3.1/../../../../arm-none-eabi/lib/thumb/v6-m/nofp\libc_nano.a(libc_a-freer.o)
 .text._free_r  0x00000000       0x94 C:/Users/User/.eide/tools/gcc_arm/bin/../lib/gcc/arm-none-eabi/14.3.1/../../../../arm-none-eabi/lib/thumb/v6-m/nofp\libc_nano.a(libc_a-freer.o)
 .debug_frame   0x00000000       0x2c C:/Users/User/.eide/tools/gcc_arm/bin/../lib/gcc/arm-none-eabi/14.3.1/../../../../arm-none-eabi/lib/thumb/v6-m/nofp\libc_nano.a(libc_a-freer.o)
 .ARM.attributes
                0x00000000       0x2c C:/Users/User/.eide/tools/gcc_arm/bin/../lib/gcc/arm-none-eabi/14.3.1/../../../../arm-none-eabi/lib/thumb/v6-m/nofp\libc_nano.a(libc_a-freer.o)
 .text          0x00000000        0x0 C:/Users/User/.eide/tools/gcc_arm/bin/../lib/gcc/arm-none-eabi/14.3.1/../../../../arm-none-eabi/lib/thumb/v6-m/nofp\libc_nano.a(libc_a-mallocr.o)
 .data          0x00000000        0x0 C:/Users/User/.eide/tools/gcc_arm/bin/../lib/gcc/arm-none-eabi/14.3.1/../../../../arm-none-eabi/lib/thumb/v6-m/nofp\libc_nano.a(libc_a-mallocr.o)
 .bss           0x00000000        0x0 C:/Users/User/.eide/tools/gcc_arm/bin/../lib/gcc/arm-none-eabi/14.3.1/../../../../arm-none-eabi/lib/thumb/v6-m/nofp\libc_nano.a(libc_a-mallocr.o)
 .text.sbrk_aligned
                0x00000000       0x44 C:/Users/User/.eide/tools/gcc_arm/bin/../lib/gcc/arm-none-eabi/14.3.1/../../../../arm-none-eabi/lib/thumb/v6-m/nofp\libc_nano.a(libc_a-mallocr.o)
 .text._malloc_r
                0x00000000      0x100 C:/Users/User/.eide/tools/gcc_arm/bin/../lib/gcc/arm-none-eabi/14.3.1/../../../../arm-none-eabi/lib/thumb/v6-m/nofp\libc_nano.a(libc_a-mallocr.o)
 .bss.__malloc_sbrk_start
                0x00000000        0x4 C:/Users/User/.eide/tools/gcc_arm/bin/../lib/gcc/arm-none-eabi/14.3.1/../../../../arm-none-eabi/lib/thumb/v6-m/nofp\libc_nano.a(libc_a-mallocr.o)
 .bss.__malloc_free_list
                0x00000000        0x4 C:/Users/User/.eide/tools/gcc_arm/bin/../lib/gcc/arm-none-eabi/14.3.1/../../../../arm-none-eabi/lib/thumb/v6-m/nofp\libc_nano.a(libc_a-mallocr.o)
 .debug_frame   0x00000000       0x50 C:/Users/User/.eide/tools/gcc_arm/bin/../lib/gcc/arm-none-eabi/14.3.1/../../../../arm-none-eabi/lib/thumb/v6-m/nofp\libc_nano.a(libc_a-mallocr.o)
 .ARM.attributes
                0x00000000       0x2c C:/Users/User/.eide/tools/gcc_arm/bin/../lib/gcc/arm-none-eabi/14.3.1/../../../../arm-none-eabi/lib/thumb/v6-m/nofp\libc_nano.a(libc_a-mallocr.o)
 .text          0x00000000        0x0 C:/Users/User/.eide/tools/gcc_arm/bin/../lib/gcc/arm-none-eabi/14.3.1/../../../../arm-none-eabi/lib/thumb/v6-m/nofp\libc_nano.a(libc_a-mlock.o)
 .data          0x00000000        0x0 C:/Users/User/.eide/tools/gcc_arm/bin/../lib/gcc/arm-none-eabi/14.3.1/../../../../arm-none-eabi/lib/thumb/v6-m/nofp\libc_nano.a(libc_a-mlock.o)
 .bss           0x00000000        0x0 C:/Users/User/.eide/tools/gcc_arm/bin/../lib/gcc/arm-none-eabi/14.3.1/../../../../arm-none-eabi/lib/thumb/v6-m/nofp\libc_nano.a(libc_a-mlock.o)
 .text.__malloc_lock
                0x00000000       0x10 C:/Users/User/.eide/tools/gcc_arm/bin/../lib/gcc/arm-none-eabi/14.3.1/../../../../arm-none-eabi/lib/thumb/v6-m/nofp\libc_nano.a(libc_a-mlock.o)
 .text.__malloc_unlock
                0x00000000       0x10 C:/Users/User/.eide/tools/gcc_arm/bin/../lib/gcc/arm-none-eabi/14.3.1/../../../../arm-none-eabi/lib/thumb/v6-m/nofp\libc_nano.a(libc_a-mlock.o)
 .debug_frame   0x00000000       0x40 C:/Users/User/.eide/tools/gcc_arm/bin/../lib/gcc/arm-none-eabi/14.3.1/../../../../arm-none-eabi/lib/thumb/v6-m/nofp\libc_nano.a(libc_a-mlock.o)
 .ARM.attributes
                0x00000000       0x2c C:/Users/User/.eide/tools/gcc_arm/bin/../lib/gcc/arm-none-eabi/14.3.1/../../../../arm-none-eabi/lib/thumb/v6-m/nofp\libc_nano.a(libc_a-mlock.o)
 .text          0x00000000        0x0 C:/Users/User/.eide/tools/gcc_arm/bin/../lib/gcc/arm-none-eabi/14.3.1/../../../../arm-none-eabi/lib/thumb/v6-m/nofp\libc_nano.a(libc_a-fflush.o)
 .data          0x00000000        0x0 C:/Users/User/.eide/tools/gcc_arm/bin/../lib/gcc/arm-none-eabi/14.3.1/../../../../arm-none-eabi/lib/thumb/v6-m/nofp\libc_nano.a(libc_a-fflush.o)
 .bss           0x00000000        0x0 C:/Users/User/.eide/tools/gcc_arm/bin/../lib/gcc/arm-none-eabi/14.3.1/../../../../arm-none-eabi/lib/thumb/v6-m/nofp\libc_nano.a(libc_a-fflush.o)
 .text.__sflush_r
                0x00000000      0x114 C:/Users/User/.eide/tools/gcc_arm/bin/../lib/gcc/arm-none-eabi/14.3.1/../../../../arm-none-eabi/lib/thumb/v6-m/nofp\libc_nano.a(libc_a-fflush.o)
 .text._fflush_r
                0x00000000       0x56 C:/Users/User/.eide/tools/gcc_arm/bin/../lib/gcc/arm-none-eabi/14.3.1/../../../../arm-none-eabi/lib/thumb/v6-m/nofp\libc_nano.a(libc_a-fflush.o)
 .text.fflush   0x00000000       0x30 C:/Users/User/.eide/tools/gcc_arm/bin/../lib/gcc/arm-none-eabi/14.3.1/../../../../arm-none-eabi/lib/thumb/v6-m/nofp\libc_nano.a(libc_a-fflush.o)
 .debug_frame   0x00000000       0x68 C:/Users/User/.eide/tools/gcc_arm/bin/../lib/gcc/arm-none-eabi/14.3.1/../../../../arm-none-eabi/lib/thumb/v6-m/nofp\libc_nano.a(libc_a-fflush.o)
 .ARM.attributes
                0x00000000       0x2c C:/Users/User/.eide/tools/gcc_arm/bin/../lib/gcc/arm-none-eabi/14.3.1/../../../../arm-none-eabi/lib/thumb/v6-m/nofp\libc_nano.a(libc_a-fflush.o)
 .text          0x00000000        0x0 C:/Users/User/.eide/tools/gcc_arm/bin/../lib/gcc/arm-none-eabi/14.3.1/../../../../arm-none-eabi/lib/thumb/v6-m/nofp\libc_nano.a(libc_a-sbrkr.o)
 .data          0x00000000        0x0 C:/Users/User/.eide/tools/gcc_arm/bin/../lib/gcc/arm-none-eabi/14.3.1/../../../../arm-none-eabi/lib/thumb/v6-m/nofp\libc_nano.a(libc_a-sbrkr.o)
 .bss           0x00000000        0x0 C:/Users/User/.eide/tools/gcc_arm/bin/../lib/gcc/arm-none-eabi/14.3.1/../../../../arm-none-eabi/lib/thumb/v6-m/nofp\libc_nano.a(libc_a-sbrkr.o)
 .text._sbrk_r  0x00000000       0x24 C:/Users/User/.eide/tools/gcc_arm/bin/../lib/gcc/arm-none-eabi/14.3.1/../../../../arm-none-eabi/lib/thumb/v6-m/nofp\libc_nano.a(libc_a-sbrkr.o)
 .debug_frame   0x00000000       0x2c C:/Users/User/.eide/tools/gcc_arm/bin/../lib/gcc/arm-none-eabi/14.3.1/../../../../arm-none-eabi/lib/thumb/v6-m/nofp\libc_nano.a(libc_a-sbrkr.o)
 .ARM.attributes
                0x00000000       0x2c C:/Users/User/.eide/tools/gcc_arm/bin/../lib/gcc/arm-none-eabi/14.3.1/../../../../arm-none-eabi/lib/thumb/v6-m/nofp\libc_nano.a(libc_a-sbrkr.o)
 .text          0x00000000        0x0 C:/Users/User/.eide/tools/gcc_arm/bin/../lib/gcc/arm-none-eabi/14.3.1/thumb/v6-m/nofp/crtend.o
 .data          0x00000000        0x0 C:/Users/User/.eide/tools/gcc_arm/bin/../lib/gcc/arm-none-eabi/14.3.1/thumb/v6-m/nofp/crtend.o
 .bss           0x00000000        0x0 C:/Users/User/.eide/tools/gcc_arm/bin/../lib/gcc/arm-none-eabi/14.3.1/thumb/v6-m/nofp/crtend.o
 .rodata.all_implied_fbits
                0x00000000       0x24 C:/Users/User/.eide/tools/gcc_arm/bin/../lib/gcc/arm-none-eabi/14.3.1/thumb/v6-m/nofp/crtend.o
 .eh_frame      0x00000000        0x4 C:/Users/User/.eide/tools/gcc_arm/bin/../lib/gcc/arm-none-eabi/14.3.1/thumb/v6-m/nofp/crtend.o
 .text          0x00000000        0x0 C:/Users/User/.eide/tools/gcc_arm/bin/../lib/gcc/arm-none-eabi/14.3.1/thumb/v6-m/nofp/crtn.o
 .data          0x00000000        0x0 C:/Users/User/.eide/tools/gcc_arm/bin/../lib/gcc/arm-none-eabi/14.3.1/thumb/v6-m/nofp/crtn.o
 .bss           0x00000000        0x0 C:/Users/User/.eide/tools/gcc_arm/bin/../lib/gcc/arm-none-eabi/14.3.1/thumb/v6-m/nofp/crtn.o

Memory Configuration

Name             Origin             Length             Attributes
FLASH            0x00000000         0x00008000         xr
RAM              0x20000000         0x00001000         xrw
*default*        0x00000000         0xffffffff

Linker script and memory map

LOAD C:/Users/User/.eide/tools/gcc_arm/bin/../lib/gcc/arm-none-eabi/14.3.1/thumb/v6-m/nofp/crti.o
LOAD C:/Users/User/.eide/tools/gcc_arm/bin/../lib/gcc/arm-none-eabi/14.3.1/thumb/v6-m/nofp/crtbegin.o
LOAD C:/Users/User/.eide/tools/gcc_arm/bin/../lib/gcc/arm-none-eabi/14.3.1/../../../../arm-none-eabi/lib/thumb/v6-m/nofp/crt0.o
LOAD ./Project/.obj/__/__/__/Drivers/Device/Source/system_hc32l110.o
LOAD ./Project/.obj/__/__/__/Drivers/Device/Startup/startup_hc32l110.o
LOAD ./Project/.obj/__/Src/main.o
LOAD C:/Users/User/.eide/tools/gcc_arm/bin/../lib/gcc/arm-none-eabi/14.3.1/../../../../arm-none-eabi/lib/thumb/v6-m/nofp\libm.a
START GROUP
LOAD C:/Users/User/.eide/tools/gcc_arm/bin/../lib/gcc/arm-none-eabi/14.3.1/thumb/v6-m/nofp\libgcc.a
LOAD C:/Users/User/.eide/tools/gcc_arm/bin/../lib/gcc/arm-none-eabi/14.3.1/../../../../arm-none-eabi/lib/thumb/v6-m/nofp\libc_nano.a
END GROUP
START GROUP
LOAD C:/Users/User/.eide/tools/gcc_arm/bin/../lib/gcc/arm-none-eabi/14.3.1/thumb/v6-m/nofp\libgcc.a
LOAD C:/Users/User/.eide/tools/gcc_arm/bin/../lib/gcc/arm-none-eabi/14.3.1/../../../../arm-none-eabi/lib/thumb/v6-m/nofp\libc_nano.a
END GROUP
LOAD C:/Users/User/.eide/tools/gcc_arm/bin/../lib/gcc/arm-none-eabi/14.3.1/thumb/v6-m/nofp/crtend.o
LOAD C:/Users/User/.eide/tools/gcc_arm/bin/../lib/gcc/arm-none-eabi/14.3.1/thumb/v6-m/nofp/crtn.o
                0x20001000                        _estack = 0x20001000
                0x00000100                        _Min_Heap_Size = 0x100
                0x00000100                        _Min_Stack_Size = 0x100

.vectors        0x00000000       0xc0
 *(.vectors)
 .vectors       0x00000000       0xc0 ./Project/.obj/__/__/__/Drivers/Device/Startup/startup_hc32l110.o
                0x00000000                __Vectors
                0x000000c0                __Vectors_End

.text           0x000000c0      0x1fc
 *(.text)
 *(.text*)
 .text.deregister_tm_clones
                0x000000c0       0x20 C:/Users/User/.eide/tools/gcc_arm/bin/../lib/gcc/arm-none-eabi/14.3.1/thumb/v6-m/nofp/crtbegin.o
 .text.register_tm_clones
                0x000000e0       0x28 C:/Users/User/.eide/tools/gcc_arm/bin/../lib/gcc/arm-none-eabi/14.3.1/thumb/v6-m/nofp/crtbegin.o
 .text.__do_global_dtors_aux
                0x00000108       0x2c C:/Users/User/.eide/tools/gcc_arm/bin/../lib/gcc/arm-none-eabi/14.3.1/thumb/v6-m/nofp/crtbegin.o
 .text.frame_dummy
                0x00000134       0x24 C:/Users/User/.eide/tools/gcc_arm/bin/../lib/gcc/arm-none-eabi/14.3.1/thumb/v6-m/nofp/crtbegin.o
 .text.SystemCoreClockUpdate
                0x00000158       0x10 ./Project/.obj/__/__/__/Drivers/Device/Source/system_hc32l110.o
                0x00000158                SystemCoreClockUpdate
 .text.SystemInit
                0x00000168       0x2c ./Project/.obj/__/__/__/Drivers/Device/Source/system_hc32l110.o
                0x00000168                SystemInit
 .text.Reset_Handler
                0x00000194       0x68 ./Project/.obj/__/__/__/Drivers/Device/Startup/startup_hc32l110.o
                0x00000194                Reset_Handler
 .text.Default_Handler
                0x000001fc        0x4 ./Project/.obj/__/__/__/Drivers/Device/Startup/startup_hc32l110.o
                0x000001fc                LVD_IRQHandler
                0x000001fc                HardFault_Handler
                0x000001fc                TIM6_IRQHandler
                0x000001fc                SysTick_Handler
                0x000001fc                PendSV_Handler
                0x000001fc                NMI_Handler
                0x000001fc                UART1_IRQHandler
                0x000001fc                EF_RAM_IRQHandler
                0x000001fc                UART0_IRQHandler
                0x000001fc                PORT1_IRQHandler
                0x000001fc                LPTIM_IRQHandler
                0x000001fc                CLKTRIM_IRQHandler
                0x000001fc                PORT2_IRQHandler
                0x000001fc                RTC_IRQHandler
                0x000001fc                SPI_IRQHandler
                0x000001fc                LPUART_IRQHandler
                0x000001fc                TIM4_IRQHandler
                0x000001fc                VC0_IRQHandler
                0x000001fc                PCA_IRQHandler
                0x000001fc                TIM1_IRQHandler
                0x000001fc                VC1_IRQHandler
                0x000001fc                ADC_IRQHandler
                0x000001fc                TIM5_IRQHandler
                0x000001fc                PORT3_IRQHandler
                0x000001fc                TIM0_IRQHandler
                0x000001fc                I2C_IRQHandler
                0x000001fc                WDT_IRQHandler
                0x000001fc                SVC_Handler
                0x000001fc                TIM2_IRQHandler
                0x000001fc                PORT0_IRQHandler
 .text.delay    0x00000200       0x12 ./Project/.obj/__/Src/main.o
                0x00000200                delay
 *fill*         0x00000212        0x2 
 .text.main     0x00000214       0x90 ./Project/.obj/__/Src/main.o
                0x00000214                main
 *(.glue_7)
 .glue_7        0x000002a4        0x0 linker stubs
 *(.glue_7t)
 .glue_7t       0x000002a4        0x0 linker stubs
 *(.eh_fream)
 *(.init)
 .init          0x000002a4        0x4 C:/Users/User/.eide/tools/gcc_arm/bin/../lib/gcc/arm-none-eabi/14.3.1/thumb/v6-m/nofp/crti.o
                0x000002a4                _init
 .init          0x000002a8        0x8 C:/Users/User/.eide/tools/gcc_arm/bin/../lib/gcc/arm-none-eabi/14.3.1/thumb/v6-m/nofp/crtn.o
 *(.fini)
 .fini          0x000002b0        0x4 C:/Users/User/.eide/tools/gcc_arm/bin/../lib/gcc/arm-none-eabi/14.3.1/thumb/v6-m/nofp/crti.o
                0x000002b0                _fini
 .fini          0x000002b4        0x8 C:/Users/User/.eide/tools/gcc_arm/bin/../lib/gcc/arm-none-eabi/14.3.1/thumb/v6-m/nofp/crtn.o

.vfp11_veneer   0x000002bc        0x0
 .vfp11_veneer  0x000002bc        0x0 linker stubs

.v4_bx          0x000002bc        0x0
 .v4_bx         0x000002bc        0x0 linker stubs

.iplt           0x000002bc        0x0
 .iplt          0x000002bc        0x0 C:/Users/User/.eide/tools/gcc_arm/bin/../lib/gcc/arm-none-eabi/14.3.1/thumb/v6-m/nofp/crtbegin.o

.rodata         0x000002bc        0x0
                0x000002bc                        . = ALIGN (0x4)
 *(.rodata)
 *(.rodata*)
                0x000002bc                        . = ALIGN (0x4)

.eh_frame       0x000002bc        0x0
 .eh_frame      0x000002bc        0x0 C:/Users/User/.eide/tools/gcc_arm/bin/../lib/gcc/arm-none-eabi/14.3.1/thumb/v6-m/nofp/crtbegin.o

.rel.dyn        0x000002bc        0x0
 .rel.iplt      0x000002bc        0x0 C:/Users/User/.eide/tools/gcc_arm/bin/../lib/gcc/arm-none-eabi/14.3.1/thumb/v6-m/nofp/crtbegin.o

.ARM.extab
 *(.ARM.extab* .gnu.linkonce.armextab.*)
                0x000002bc                        __exidx_start = .

.ARM.exidx
 *(.ARM.exidx* .gnu.linkonce.armexidx.*)
                0x000002bc                        __exidx_end = .

.preinit_array  0x000002bc        0x0
                0x000002bc                        PROVIDE (__preinit_array_start = .)
 *(.preinit_array)
                0x000002bc                        PROVIDE (__preinit_array_end = .)

.init_array     0x000002bc        0x4
                0x000002bc                        PROVIDE (__init_array_start = .)
 *(SORT_BY_NAME(.init_array.*))
 *(.init_array)
 .init_array    0x000002bc        0x4 C:/Users/User/.eide/tools/gcc_arm/bin/../lib/gcc/arm-none-eabi/14.3.1/thumb/v6-m/nofp/crtbegin.o
                0x000002c0                        PROVIDE (__init_array_end = .)

.fini_array     0x000002c0        0x4
                [!provide]                        PROVIDE (__fini_array_start = .)
 *(SORT_BY_NAME(.fini_array.*))
 *(.fini_array)
 .fini_array    0x000002c0        0x4 C:/Users/User/.eide/tools/gcc_arm/bin/../lib/gcc/arm-none-eabi/14.3.1/thumb/v6-m/nofp/crtbegin.o
                [!provide]                        PROVIDE (__fini_array_end = .)
                0x000002c4                        __etext = LOADADDR (.data)

.data           0x20000000        0x4 load address 0x000002c4
                0x20000000                        . = ALIGN (0x4)
                0x20000000                        __data_start__ = .
 *(vtable)
 *(.data)
 *(.data*)
 .data.SystemCoreClock
                0x20000000        0x4 ./Project/.obj/__/__/__/Drivers/Device/Source/system_hc32l110.o
                0x20000000                SystemCoreClock
                0x20000004                        . = ALIGN (0x4)
                0x20000004                        __data_end__ = .

.tm_clone_table
                0x20000004        0x0 load address 0x000002c8
 .tm_clone_table
                0x20000004        0x0 C:/Users/User/.eide/tools/gcc_arm/bin/../lib/gcc/arm-none-eabi/14.3.1/thumb/v6-m/nofp/crtbegin.o
 .tm_clone_table
                0x20000004        0x0 C:/Users/User/.eide/tools/gcc_arm/bin/../lib/gcc/arm-none-eabi/14.3.1/thumb/v6-m/nofp/crtend.o

.igot.plt       0x20000004        0x0 load address 0x000002c8
 .igot.plt      0x20000004        0x0 C:/Users/User/.eide/tools/gcc_arm/bin/../lib/gcc/arm-none-eabi/14.3.1/thumb/v6-m/nofp/crtbegin.o

.bss            0x20000004       0x1c load address 0x000002c8
                0x20000004                        . = ALIGN (0x4)
                0x20000004                        __bss_start__ = .
 *(.bss*)
 .bss.completed.1
                0x20000004        0x1 C:/Users/User/.eide/tools/gcc_arm/bin/../lib/gcc/arm-none-eabi/14.3.1/thumb/v6-m/nofp/crtbegin.o
 *fill*         0x20000005        0x3 
 .bss.object.0  0x20000008       0x18 C:/Users/User/.eide/tools/gcc_arm/bin/../lib/gcc/arm-none-eabi/14.3.1/thumb/v6-m/nofp/crtbegin.o
 *(COMMON)
                0x20000020                        . = ALIGN (0x4)
                0x20000020                        __bss_end__ = .

._user_heap_stack
                0x20000020      0x200 load address 0x000002c8
                0x20000020                        . = ALIGN (0x8)
                [!provide]                        PROVIDE (end = .)
                [!provide]                        PROVIDE (_end = .)
                0x20000120                        . = (. + _Min_Heap_Size)
 *fill*         0x20000020      0x100 
                0x20000220                        . = (. + _Min_Stack_Size)
 *fill*         0x20000120      0x100 
                0x20000220                        . = ALIGN (0x8)
                0x20000220                        __StackTop = .
                [!provide]                        PROVIDE (_stack = __StackTop)
                0x00000001                        ASSERT ((__StackTop < _estack), region RAM overflowed with stack)
OUTPUT(./Project/Blink34.elf elf32-littlearm)
LOAD linker stubs

.ARM.attributes
                0x00000000       0x28
 .ARM.attributes
                0x00000000       0x1e C:/Users/User/.eide/tools/gcc_arm/bin/../lib/gcc/arm-none-eabi/14.3.1/thumb/v6-m/nofp/crti.o
 .ARM.attributes
                0x0000001e       0x2c C:/Users/User/.eide/tools/gcc_arm/bin/../lib/gcc/arm-none-eabi/14.3.1/thumb/v6-m/nofp/crtbegin.o
 .ARM.attributes
                0x0000004a       0x2c ./Project/.obj/__/__/__/Drivers/Device/Source/system_hc32l110.o
 .ARM.attributes
                0x00000076       0x22 ./Project/.obj/__/__/__/Drivers/Device/Startup/startup_hc32l110.o
 .ARM.attributes
                0x00000098       0x2c ./Project/.obj/__/Src/main.o
 .ARM.attributes
                0x000000c4       0x2c C:/Users/User/.eide/tools/gcc_arm/bin/../lib/gcc/arm-none-eabi/14.3.1/thumb/v6-m/nofp/crtend.o
 .ARM.attributes
                0x000000f0       0x1e C:/Users/User/.eide/tools/gcc_arm/bin/../lib/gcc/arm-none-eabi/14.3.1/thumb/v6-m/nofp/crtn.o

.comment        0x00000000       0x46
 .comment       0x00000000       0x46 ./Project/.obj/__/__/__/Drivers/Device/Source/system_hc32l110.o
                                 0x47 (size before relaxing)
 .comment       0x00000046       0x47 ./Project/.obj/__/Src/main.o

.debug_info     0x00000000     0x3d0c
 .debug_info    0x00000000      0x896 ./Project/.obj/__/__/__/Drivers/Device/Source/system_hc32l110.o
 .debug_info    0x00000896       0x30 ./Project/.obj/__/__/__/Drivers/Device/Startup/startup_hc32l110.o
 .debug_info    0x000008c6     0x3446 ./Project/.obj/__/Src/main.o

.debug_abbrev   0x00000000      0x2ed
 .debug_abbrev  0x00000000      0x14c ./Project/.obj/__/__/__/Drivers/Device/Source/system_hc32l110.o
 .debug_abbrev  0x0000014c       0x24 ./Project/.obj/__/__/__/Drivers/Device/Startup/startup_hc32l110.o
 .debug_abbrev  0x00000170      0x17d ./Project/.obj/__/Src/main.o

.debug_aranges  0x00000000       0x78
 .debug_aranges
                0x00000000       0x28 ./Project/.obj/__/__/__/Drivers/Device/Source/system_hc32l110.o
 .debug_aranges
                0x00000028       0x28 ./Project/.obj/__/__/__/Drivers/Device/Startup/startup_hc32l110.o
 .debug_aranges
                0x00000050       0x28 ./Project/.obj/__/Src/main.o

.debug_rnglists
                0x00000000       0x4c
 .debug_rnglists
                0x00000000       0x19 ./Project/.obj/__/__/__/Drivers/Device/Source/system_hc32l110.o
 .debug_rnglists
                0x00000019       0x19 ./Project/.obj/__/__/__/Drivers/Device/Startup/startup_hc32l110.o
 .debug_rnglists
                0x00000032       0x1a ./Project/.obj/__/Src/main.o

.debug_line     0x00000000      0x3cd
 .debug_line    0x00000000      0x18f ./Project/.obj/__/__/__/Drivers/Device/Source/system_hc32l110.o
 .debug_line    0x0000018f       0x90 ./Project/.obj/__/__/__/Drivers/Device/Startup/startup_hc32l110.o
 .debug_line    0x0000021f      0x1ae ./Project/.obj/__/Src/main.o

.debug_str      0x00000000     0x12d1
 .debug_str     0x00000000     0x12d1 ./Project/.obj/__/__/__/Drivers/Device/Source/system_hc32l110.o
                                0x5d4 (size before relaxing)
 .debug_str     0x000012d1       0x8b ./Project/.obj/__/__/__/Drivers/Device/Startup/startup_hc32l110.o
 .debug_str     0x000012d1     0x1269 ./Project/.obj/__/Src/main.o

.debug_frame    0x00000000       0x7c
 .debug_frame   0x00000000       0x38 ./Project/.obj/__/__/__/Drivers/Device/Source/system_hc32l110.o
 .debug_frame   0x00000038       0x44 ./Project/.obj/__/Src/main.o

.debug_line_str
                0x00000000       0x6f
 .debug_line_str
                0x00000000       0x6f ./Project/.obj/__/__/__/Drivers/Device/Startup/startup_hc32l110.o
