
c:\MCU\hc32mini\miniProjects\L110_blink\EIDE\Project\Blink34.elf:     file format elf32-littlearm


Disassembly of section .text:

000000c0 <deregister_tm_clones>:
  c0:	4804      	ldr	r0, [pc, #16]	@ (d4 <deregister_tm_clones+0x14>)
  c2:	4b05      	ldr	r3, [pc, #20]	@ (d8 <deregister_tm_clones+0x18>)
  c4:	b510      	push	{r4, lr}
  c6:	4283      	cmp	r3, r0
  c8:	d003      	beq.n	d2 <deregister_tm_clones+0x12>
  ca:	4b04      	ldr	r3, [pc, #16]	@ (dc <deregister_tm_clones+0x1c>)
  cc:	2b00      	cmp	r3, #0
  ce:	d000      	beq.n	d2 <deregister_tm_clones+0x12>
  d0:	4798      	blx	r3
  d2:	bd10      	pop	{r4, pc}
  d4:	20000004 	.word	0x20000004
  d8:	20000004 	.word	0x20000004
  dc:	00000000 	.word	0x00000000

000000e0 <register_tm_clones>:
  e0:	4806      	ldr	r0, [pc, #24]	@ (fc <register_tm_clones+0x1c>)
  e2:	4907      	ldr	r1, [pc, #28]	@ (100 <_Min_Heap_Size>)
  e4:	1a09      	subs	r1, r1, r0
  e6:	108b      	asrs	r3, r1, #2
  e8:	0fc9      	lsrs	r1, r1, #31
  ea:	18c9      	adds	r1, r1, r3
  ec:	b510      	push	{r4, lr}
  ee:	1049      	asrs	r1, r1, #1
  f0:	d003      	beq.n	fa <register_tm_clones+0x1a>
  f2:	4b04      	ldr	r3, [pc, #16]	@ (104 <_Min_Heap_Size+0x4>)
  f4:	2b00      	cmp	r3, #0
  f6:	d000      	beq.n	fa <register_tm_clones+0x1a>
  f8:	4798      	blx	r3
  fa:	bd10      	pop	{r4, pc}
  fc:	20000004 	.word	0x20000004
 100:	20000004 	.word	0x20000004
 104:	00000000 	.word	0x00000000

00000108 <__do_global_dtors_aux>:
 108:	b510      	push	{r4, lr}
 10a:	4c07      	ldr	r4, [pc, #28]	@ (128 <__do_global_dtors_aux+0x20>)
 10c:	7823      	ldrb	r3, [r4, #0]
 10e:	2b00      	cmp	r3, #0
 110:	d109      	bne.n	126 <__do_global_dtors_aux+0x1e>
 112:	f7ff ffd5 	bl	c0 <deregister_tm_clones>
 116:	4b05      	ldr	r3, [pc, #20]	@ (12c <__do_global_dtors_aux+0x24>)
 118:	2b00      	cmp	r3, #0
 11a:	d002      	beq.n	122 <__do_global_dtors_aux+0x1a>
 11c:	4804      	ldr	r0, [pc, #16]	@ (130 <__do_global_dtors_aux+0x28>)
 11e:	e000      	b.n	122 <__do_global_dtors_aux+0x1a>
 120:	bf00      	nop
 122:	2301      	movs	r3, #1
 124:	7023      	strb	r3, [r4, #0]
 126:	bd10      	pop	{r4, pc}
 128:	20000004 	.word	0x20000004
 12c:	00000000 	.word	0x00000000
 130:	000002a0 	.word	0x000002a0

00000134 <frame_dummy>:
 134:	4b05      	ldr	r3, [pc, #20]	@ (14c <frame_dummy+0x18>)
 136:	b510      	push	{r4, lr}
 138:	2b00      	cmp	r3, #0
 13a:	d003      	beq.n	144 <frame_dummy+0x10>
 13c:	4904      	ldr	r1, [pc, #16]	@ (150 <frame_dummy+0x1c>)
 13e:	4805      	ldr	r0, [pc, #20]	@ (154 <frame_dummy+0x20>)
 140:	e000      	b.n	144 <frame_dummy+0x10>
 142:	bf00      	nop
 144:	f7ff ffcc 	bl	e0 <register_tm_clones>
 148:	bd10      	pop	{r4, pc}
 14a:	46c0      	nop			@ (mov r8, r8)
 14c:	00000000 	.word	0x00000000
 150:	20000008 	.word	0x20000008
 154:	000002a0 	.word	0x000002a0

00000158 <SystemInit>:
    //hcr 4MHz manual trim.
    //Clk_SetRCHFreq(ClkFreq4Mhz);
    //Clk_Enable(ClkRCH, TRUE);

	// set RCH = 4MHz
    M0P_CLOCK->RCH_CR_f.TRIM = (*((volatile uint16_t*) (0x00100C08ul)));
 158:	4b08      	ldr	r3, [pc, #32]	@ (17c <SystemInit+0x24>)
 15a:	4909      	ldr	r1, [pc, #36]	@ (180 <SystemInit+0x28>)
 15c:	881a      	ldrh	r2, [r3, #0]
 15e:	68cb      	ldr	r3, [r1, #12]
 160:	0552      	lsls	r2, r2, #21
 162:	0adb      	lsrs	r3, r3, #11
 164:	0d52      	lsrs	r2, r2, #21
 166:	02db      	lsls	r3, r3, #11
 168:	4313      	orrs	r3, r2
 16a:	60cb      	str	r3, [r1, #12]
    //M0P_CLOCK->RCH_CR_f.TRIM = 1;
    while (!M0P_CLOCK->RCH_CR_f.STABLE);
 16c:	68cb      	ldr	r3, [r1, #12]
 16e:	051b      	lsls	r3, r3, #20
 170:	d5fc      	bpl.n	16c <SystemInit+0x14>
	SystemCoreClock = 4000000;
 172:	4b04      	ldr	r3, [pc, #16]	@ (184 <SystemInit+0x2c>)
 174:	4a04      	ldr	r2, [pc, #16]	@ (188 <SystemInit+0x30>)
 176:	601a      	str	r2, [r3, #0]

    //DDL_ZERO_STRUCT(stcCfg);
    //stcCfg.bNoRef = TRUE;
    //stcCfg.u32LoadVal = 0xFFFFFF;
    //Clk_SysTickConfig(&stcCfg);
}
 178:	4770      	bx	lr
 17a:	46c0      	nop			@ (mov r8, r8)
 17c:	00100c08 	.word	0x00100c08
 180:	40002000 	.word	0x40002000
 184:	20000000 	.word	0x20000000
 188:	003d0900 	.word	0x003d0900

0000018c <Reset_Handler>:
 *
 * All addresses must be aligned to 4 bytes boundary.
 */
                /* Copy data from read only memory to RAM. */
CopyData:
                ldr         r1, =__etext
 18c:	490f      	ldr	r1, [pc, #60]	@ (1cc <Rom_Code+0x10>)
                ldr         r2, =__data_start__
 18e:	4a10      	ldr	r2, [pc, #64]	@ (1d0 <Rom_Code+0x14>)
                ldr         r3, =__data_end__
 190:	4b10      	ldr	r3, [pc, #64]	@ (1d4 <Rom_Code+0x18>)

                subs        r3, r2
 192:	1a9b      	subs	r3, r3, r2
                ble         CopyLoopExit
 194:	dd03      	ble.n	19e <ClearBss>

00000196 <CopyLoop>:
CopyLoop:
                subs        r3, #4
 196:	3b04      	subs	r3, #4
                ldr         r0, [r1,r3]
 198:	58c8      	ldr	r0, [r1, r3]
                str         r0, [r2,r3]
 19a:	50d0      	str	r0, [r2, r3]
                bgt         CopyLoop
 19c:	dcfb      	bgt.n	196 <CopyLoop>

0000019e <ClearBss>:
 *
 * Both addresses must be aligned to 4 bytes boundary.
 */
                /* Clear BSS section. */
ClearBss:
                ldr         r1, =__bss_start__
 19e:	490e      	ldr	r1, [pc, #56]	@ (1d8 <Rom_Code+0x1c>)
                ldr         r2, =__bss_end__
 1a0:	4a0e      	ldr	r2, [pc, #56]	@ (1dc <Rom_Code+0x20>)

                movs        r0, 0
 1a2:	2000      	movs	r0, #0
                subs        r2, r1
 1a4:	1a52      	subs	r2, r2, r1
                ble         ClearLoopExit
 1a6:	dd02      	ble.n	1ae <ClearLoopExit>

000001a8 <ClearLoop>:
ClearLoop:
                subs        r2, #4
 1a8:	3a04      	subs	r2, #4
                str         r0, [r1, r2]
 1aa:	5088      	str	r0, [r1, r2]
                bgt         ClearLoop
 1ac:	dcfc      	bgt.n	1a8 <ClearLoop>

000001ae <ClearLoopExit>:
ClearLoopExit:
                /* reset NVIC if in rom debug */
                ldr         r0, =0x20000000
 1ae:	480c      	ldr	r0, [pc, #48]	@ (1e0 <Rom_Code+0x24>)
                ldr         r2, =0x0
 1b0:	4a0c      	ldr	r2, [pc, #48]	@ (1e4 <Rom_Code+0x28>)
                movs        r1, #0
 1b2:	2100      	movs	r1, #0
                add         r1, pc, #0
 1b4:	a100      	add	r1, pc, #0	@ (adr r1, 1b8 <ClearLoopExit+0xa>)
                cmp         r1, r0
 1b6:	4281      	cmp	r1, r0
                bls         Rom_Code
 1b8:	d900      	bls.n	1bc <Rom_Code>
                /* ram code base address. */
                add         r2, r0, r2
 1ba:	4402      	add	r2, r0

000001bc <Rom_Code>:
Rom_Code:
                /* reset vector table address */
                ldr         r0, =0xE000ED08
 1bc:	480a      	ldr	r0, [pc, #40]	@ (1e8 <Rom_Code+0x2c>)
                str         r2, [r0]
 1be:	6002      	str	r2, [r0, #0]
                /* Call the clock system initialization function. */
                bl          SystemInit
 1c0:	f7ff ffca 	bl	158 <SystemInit>
                /* Call the application's entry point. */
                bl          main
 1c4:	f000 f81e 	bl	204 <main>
                bx          lr
 1c8:	4770      	bx	lr
 1ca:	0000      	.short	0x0000
                ldr         r1, =__etext
 1cc:	000002a8 	.word	0x000002a8
                ldr         r2, =__data_start__
 1d0:	20000000 	.word	0x20000000
                ldr         r3, =__data_end__
 1d4:	20000004 	.word	0x20000004
                ldr         r1, =__bss_start__
 1d8:	20000004 	.word	0x20000004
                ldr         r2, =__bss_end__
 1dc:	20000020 	.word	0x20000020
                ldr         r0, =0x20000000
 1e0:	20000000 	.word	0x20000000
                ldr         r2, =0x0
 1e4:	00000000 	.word	0x00000000
                ldr         r0, =0xE000ED08
 1e8:	e000ed08 	.word	0xe000ed08

000001ec <HardFault_Handler>:
;<h> Default handler start.
*/
                .section    .text.Default_Handler, "ax", %progbits
                .align      2
Default_Handler:
                b           .
 1ec:	e7fe      	b.n	1ec <HardFault_Handler>
 1ee:	46c0      	nop			@ (mov r8, r8)

000001f0 <delay>:
        M0P_GPIO->P3OUT_f.P34 = 1;           //  out 0
	}
}	

void delay(uint32_t nTime)
{
 1f0:	b082      	sub	sp, #8
    volatile uint32_t count = nTime;
 1f2:	9001      	str	r0, [sp, #4]
	while (count--);
 1f4:	9b01      	ldr	r3, [sp, #4]
 1f6:	1e5a      	subs	r2, r3, #1
 1f8:	9201      	str	r2, [sp, #4]
 1fa:	2b00      	cmp	r3, #0
 1fc:	d1fa      	bne.n	1f4 <delay+0x4>
}
 1fe:	b002      	add	sp, #8
 200:	4770      	bx	lr
	...

00000204 <main>:
    M0P_CLOCK->PERI_CLKEN_f.GPIO = 1;    //  enable CLK to GPIO   
 204:	2380      	movs	r3, #128	@ 0x80
{
 206:	b570      	push	{r4, r5, r6, lr}
    M0P_CLOCK->PERI_CLKEN_f.GPIO = 1;    //  enable CLK to GPIO   
 208:	4a1c      	ldr	r2, [pc, #112]	@ (27c <main+0x78>)
 20a:	055b      	lsls	r3, r3, #21
 20c:	6a11      	ldr	r1, [r2, #32]
    M0P_GPIO->P3ADS_f.P34 = 0;           //  not analog
 20e:	4c1c      	ldr	r4, [pc, #112]	@ (280 <main+0x7c>)
    M0P_CLOCK->PERI_CLKEN_f.GPIO = 1;    //  enable CLK to GPIO   
 210:	430b      	orrs	r3, r1
    M0P_GPIO->P3ADS_f.P34 = 0;           //  not analog
 212:	21e6      	movs	r1, #230	@ 0xe6
    M0P_CLOCK->PERI_CLKEN_f.GPIO = 1;    //  enable CLK to GPIO   
 214:	6213      	str	r3, [r2, #32]
    M0P_GPIO->P3ADS_f.P34 = 0;           //  not analog
 216:	2310      	movs	r3, #16
 218:	0049      	lsls	r1, r1, #1
 21a:	5862      	ldr	r2, [r4, r1]
    M0P_GPIO->P3OUT_f.P34 = 1;           //  out 1
 21c:	25e4      	movs	r5, #228	@ 0xe4
    M0P_GPIO->P3ADS_f.P34 = 0;           //  not analog
 21e:	439a      	bics	r2, r3
 220:	5062      	str	r2, [r4, r1]
    M0P_GPIO->P34_SEL = 0;               //  not alternate  
 222:	2100      	movs	r1, #0
 224:	4a17      	ldr	r2, [pc, #92]	@ (284 <main+0x80>)
    M0P_GPIO->P3OUT_f.P34 = 1;           //  out 1
 226:	006d      	lsls	r5, r5, #1
    M0P_GPIO->P34_SEL = 0;               //  not alternate  
 228:	6011      	str	r1, [r2, #0]
    M0P_GPIO->P3DIR_f.P34 = 0;           //  output
 22a:	31c1      	adds	r1, #193	@ 0xc1
 22c:	31ff      	adds	r1, #255	@ 0xff
 22e:	5862      	ldr	r2, [r4, r1]
 230:	439a      	bics	r2, r3
 232:	5062      	str	r2, [r4, r1]
    M0P_GPIO->P3OD_f.P34 = 0;            //  PushPull ( not open drain )
 234:	312c      	adds	r1, #44	@ 0x2c
 236:	5862      	ldr	r2, [r4, r1]
 238:	439a      	bics	r2, r3
 23a:	5062      	str	r2, [r4, r1]
    M0P_GPIO->P3PD_f.P34 = 0;            //  no Pull Down 
 23c:	3908      	subs	r1, #8
 23e:	5862      	ldr	r2, [r4, r1]
 240:	439a      	bics	r2, r3
 242:	5062      	str	r2, [r4, r1]
    M0P_GPIO->P3PU_f.P34 = 0;            //  no Pull Up 
 244:	3904      	subs	r1, #4
 246:	5862      	ldr	r2, [r4, r1]
 248:	439a      	bics	r2, r3
 24a:	5062      	str	r2, [r4, r1]
    M0P_GPIO->P3DR_f.P34 = 1;            //  Low speed 
 24c:	3904      	subs	r1, #4
 24e:	5862      	ldr	r2, [r4, r1]
 250:	431a      	orrs	r2, r3
 252:	5062      	str	r2, [r4, r1]
    M0P_GPIO->P3OUT_f.P34 = 1;           //  out 1
 254:	5962      	ldr	r2, [r4, r5]
 256:	4313      	orrs	r3, r2
 258:	5163      	str	r3, [r4, r5]
		delay(0x4000);
 25a:	2080      	movs	r0, #128	@ 0x80
        M0P_GPIO->P3OUT_f.P34 = 0;           //  out 0
 25c:	2610      	movs	r6, #16
		delay(0x4000);
 25e:	01c0      	lsls	r0, r0, #7
 260:	f7ff ffc6 	bl	1f0 <delay>
		delay(0x4000);
 264:	2080      	movs	r0, #128	@ 0x80
        M0P_GPIO->P3OUT_f.P34 = 0;           //  out 0
 266:	5963      	ldr	r3, [r4, r5]
		delay(0x4000);
 268:	01c0      	lsls	r0, r0, #7
        M0P_GPIO->P3OUT_f.P34 = 0;           //  out 0
 26a:	43b3      	bics	r3, r6
 26c:	5163      	str	r3, [r4, r5]
		delay(0x4000);
 26e:	f7ff ffbf 	bl	1f0 <delay>
        M0P_GPIO->P3OUT_f.P34 = 1;           //  out 0
 272:	5963      	ldr	r3, [r4, r5]
 274:	431e      	orrs	r6, r3
 276:	5166      	str	r6, [r4, r5]
	while (1)
 278:	e7ef      	b.n	25a <main+0x56>
 27a:	46c0      	nop			@ (mov r8, r8)
 27c:	40002000 	.word	0x40002000
 280:	40020c00 	.word	0x40020c00
 284:	40020cd0 	.word	0x40020cd0

00000288 <_init>:
 288:	b5f8      	push	{r3, r4, r5, r6, r7, lr}
 28a:	46c0      	nop			@ (mov r8, r8)
 28c:	bcf8      	pop	{r3, r4, r5, r6, r7}
 28e:	bc08      	pop	{r3}
 290:	469e      	mov	lr, r3
 292:	4770      	bx	lr

00000294 <_fini>:
 294:	b5f8      	push	{r3, r4, r5, r6, r7, lr}
 296:	46c0      	nop			@ (mov r8, r8)
 298:	bcf8      	pop	{r3, r4, r5, r6, r7}
 29a:	bc08      	pop	{r3}
 29c:	469e      	mov	lr, r3
 29e:	4770      	bx	lr
